// Jest Snapshot v1, https://goo.gl/fbAQLP

exports[`Test ProgressNotification component should render correctly with mock props 1`] = `<div />`;
